ERROR - 2025-12-05 17:46:02 --> Error connecting to the database: mysqli_sql_exception: Unknown database 'responsi_mobile_buku' in D:\laragon\www\responsi2_mobile_paket3_h1d023083\system\Database\MySQLi\Connection.php:201
Stack trace:
#0 D:\laragon\www\responsi2_mobile_paket3_h1d023083\system\Database\MySQLi\Connection.php(201): mysqli->real_connect('localhost', 'root', Object(SensitiveParameterValue), 'responsi_mobile...', 3306, '', 0)
#1 D:\laragon\www\responsi2_mobile_paket3_h1d023083\system\Database\BaseConnection.php(419): CodeIgniter\Database\MySQLi\Connection->connect(false)
#2 D:\laragon\www\responsi2_mobile_paket3_h1d023083\system\Database\BaseConnection.php(614): CodeIgniter\Database\BaseConnection->initialize()
#3 D:\laragon\www\responsi2_mobile_paket3_h1d023083\system\Database\BaseConnection.php(1525): CodeIgniter\Database\BaseConnection->query('SHOW TABLES FRO...')
#4 D:\laragon\www\responsi2_mobile_paket3_h1d023083\system\Database\BaseConnection.php(1545): CodeIgniter\Database\BaseConnection->listTables()
#5 D:\laragon\www\responsi2_mobile_paket3_h1d023083\system\Database\MigrationRunner.php(768): CodeIgniter\Database\BaseConnection->tableExists('migrations')
#6 D:\laragon\www\responsi2_mobile_paket3_h1d023083\system\Database\MigrationRunner.php(162): CodeIgniter\Database\MigrationRunner->ensureTable()
#7 D:\laragon\www\responsi2_mobile_paket3_h1d023083\system\Commands\Database\Migrate.php(85): CodeIgniter\Database\MigrationRunner->latest(NULL)
#8 D:\laragon\www\responsi2_mobile_paket3_h1d023083\system\CLI\Commands.php(74): CodeIgniter\Commands\Database\Migrate->run(Array)
#9 D:\laragon\www\responsi2_mobile_paket3_h1d023083\system\CLI\Console.php(47): CodeIgniter\CLI\Commands->run('migrate', Array)
#10 D:\laragon\www\responsi2_mobile_paket3_h1d023083\system\Boot.php(388): CodeIgniter\CLI\Console->run()
#11 D:\laragon\www\responsi2_mobile_paket3_h1d023083\system\Boot.php(133): CodeIgniter\Boot::runCommand(Object(CodeIgniter\CLI\Console))
#12 D:\laragon\www\responsi2_mobile_paket3_h1d023083\spark(87): CodeIgniter\Boot::bootSpark(Object(Config\Paths))
#13 {main}

Next CodeIgniter\Database\Exceptions\DatabaseException: Unknown database 'responsi_mobile_buku' in D:\laragon\www\responsi2_mobile_paket3_h1d023083\system\Database\MySQLi\Connection.php:246
Stack trace:
#0 D:\laragon\www\responsi2_mobile_paket3_h1d023083\system\Database\BaseConnection.php(419): CodeIgniter\Database\MySQLi\Connection->connect(false)
#1 D:\laragon\www\responsi2_mobile_paket3_h1d023083\system\Database\BaseConnection.php(614): CodeIgniter\Database\BaseConnection->initialize()
#2 D:\laragon\www\responsi2_mobile_paket3_h1d023083\system\Database\BaseConnection.php(1525): CodeIgniter\Database\BaseConnection->query('SHOW TABLES FRO...')
#3 D:\laragon\www\responsi2_mobile_paket3_h1d023083\system\Database\BaseConnection.php(1545): CodeIgniter\Database\BaseConnection->listTables()
#4 D:\laragon\www\responsi2_mobile_paket3_h1d023083\system\Database\MigrationRunner.php(768): CodeIgniter\Database\BaseConnection->tableExists('migrations')
#5 D:\laragon\www\responsi2_mobile_paket3_h1d023083\system\Database\MigrationRunner.php(162): CodeIgniter\Database\MigrationRunner->ensureTable()
#6 D:\laragon\www\responsi2_mobile_paket3_h1d023083\system\Commands\Database\Migrate.php(85): CodeIgniter\Database\MigrationRunner->latest(NULL)
#7 D:\laragon\www\responsi2_mobile_paket3_h1d023083\system\CLI\Commands.php(74): CodeIgniter\Commands\Database\Migrate->run(Array)
#8 D:\laragon\www\responsi2_mobile_paket3_h1d023083\system\CLI\Console.php(47): CodeIgniter\CLI\Commands->run('migrate', Array)
#9 D:\laragon\www\responsi2_mobile_paket3_h1d023083\system\Boot.php(388): CodeIgniter\CLI\Console->run()
#10 D:\laragon\www\responsi2_mobile_paket3_h1d023083\system\Boot.php(133): CodeIgniter\Boot::runCommand(Object(CodeIgniter\CLI\Console))
#11 D:\laragon\www\responsi2_mobile_paket3_h1d023083\spark(87): CodeIgniter\Boot::bootSpark(Object(Config\Paths))
#12 {main}
ERROR - 2025-12-05 18:32:10 --> mysqli_sql_exception: You have an error in your SQL syntax; check the manual that corresponds to your MariaDB server version for the right syntax to use near '`jumlah`) AS `total_nilai`
FROM `inventaris_buku`
WHERE `user_id` = '1'
 LIMIT 1' at line 1 in D:\laragon\www\responsi2_mobile_paket3_h1d023083\system\Database\MySQLi\Connection.php:327
Stack trace:
#0 D:\laragon\www\responsi2_mobile_paket3_h1d023083\system\Database\MySQLi\Connection.php(327): mysqli->query('SELECT SUM(`har...', 0)
#1 D:\laragon\www\responsi2_mobile_paket3_h1d023083\system\Database\BaseConnection.php(729): CodeIgniter\Database\MySQLi\Connection->execute('SELECT SUM(`har...')
#2 D:\laragon\www\responsi2_mobile_paket3_h1d023083\system\Database\BaseConnection.php(646): CodeIgniter\Database\BaseConnection->simpleQuery('SELECT SUM(`har...')
#3 D:\laragon\www\responsi2_mobile_paket3_h1d023083\system\Database\BaseBuilder.php(1649): CodeIgniter\Database\BaseConnection->query('SELECT SUM(`har...', Array, false)
#4 D:\laragon\www\responsi2_mobile_paket3_h1d023083\system\Model.php(330): CodeIgniter\Database\BaseBuilder->get()
#5 D:\laragon\www\responsi2_mobile_paket3_h1d023083\system\BaseModel.php(715): CodeIgniter\Model->doFirst()
#6 D:\laragon\www\responsi2_mobile_paket3_h1d023083\app\Controllers\InventarisBukuController.php(162): CodeIgniter\BaseModel->first()
#7 D:\laragon\www\responsi2_mobile_paket3_h1d023083\system\CodeIgniter.php(933): App\Controllers\InventarisBukuController->statistik()
#8 D:\laragon\www\responsi2_mobile_paket3_h1d023083\system\CodeIgniter.php(507): CodeIgniter\CodeIgniter->runController(Object(App\Controllers\InventarisBukuController))
#9 D:\laragon\www\responsi2_mobile_paket3_h1d023083\system\CodeIgniter.php(354): CodeIgniter\CodeIgniter->handleRequest(NULL, Object(Config\Cache), false)
#10 D:\laragon\www\responsi2_mobile_paket3_h1d023083\system\Boot.php(363): CodeIgniter\CodeIgniter->run()
#11 D:\laragon\www\responsi2_mobile_paket3_h1d023083\system\Boot.php(68): CodeIgniter\Boot::runCodeIgniter(Object(CodeIgniter\CodeIgniter))
#12 D:\laragon\www\responsi2_mobile_paket3_h1d023083\public\index.php(59): CodeIgniter\Boot::bootWeb(Object(Config\Paths))
#13 D:\laragon\www\responsi2_mobile_paket3_h1d023083\system\rewrite.php(44): require_once('D:\\laragon\\www\\...')
#14 {main}
CRITICAL - 2025-12-05 18:32:10 --> Error: Call to a member function getFirstRow() on false
[Method: GET, Route: buku/statistik]
in SYSTEMPATH\Model.php on line 330.
 1 SYSTEMPATH\BaseModel.php(715): CodeIgniter\Model->doFirst()
 2 APPPATH\Controllers\InventarisBukuController.php(162): CodeIgniter\BaseModel->first()
 3 SYSTEMPATH\CodeIgniter.php(933): App\Controllers\InventarisBukuController->statistik()
 4 SYSTEMPATH\CodeIgniter.php(507): CodeIgniter\CodeIgniter->runController(Object(App\Controllers\InventarisBukuController))
 5 SYSTEMPATH\CodeIgniter.php(354): CodeIgniter\CodeIgniter->handleRequest(null, Object(Config\Cache), false)
 6 SYSTEMPATH\Boot.php(363): CodeIgniter\CodeIgniter->run()
 7 SYSTEMPATH\Boot.php(68): CodeIgniter\Boot::runCodeIgniter(Object(CodeIgniter\CodeIgniter))
 8 FCPATH\index.php(59): CodeIgniter\Boot::bootWeb(Object(Config\Paths))
 9 SYSTEMPATH\rewrite.php(44): require_once('D:\\laragon\\www\\responsi2_mobile_paket3_h1d023083\\public\\index.php')
ERROR - 2025-12-05 18:32:17 --> mysqli_sql_exception: You have an error in your SQL syntax; check the manual that corresponds to your MariaDB server version for the right syntax to use near '`jumlah`) AS `total_nilai`
FROM `inventaris_buku`
WHERE `user_id` = '1'
 LIMIT 1' at line 1 in D:\laragon\www\responsi2_mobile_paket3_h1d023083\system\Database\MySQLi\Connection.php:327
Stack trace:
#0 D:\laragon\www\responsi2_mobile_paket3_h1d023083\system\Database\MySQLi\Connection.php(327): mysqli->query('SELECT SUM(`har...', 0)
#1 D:\laragon\www\responsi2_mobile_paket3_h1d023083\system\Database\BaseConnection.php(729): CodeIgniter\Database\MySQLi\Connection->execute('SELECT SUM(`har...')
#2 D:\laragon\www\responsi2_mobile_paket3_h1d023083\system\Database\BaseConnection.php(646): CodeIgniter\Database\BaseConnection->simpleQuery('SELECT SUM(`har...')
#3 D:\laragon\www\responsi2_mobile_paket3_h1d023083\system\Database\BaseBuilder.php(1649): CodeIgniter\Database\BaseConnection->query('SELECT SUM(`har...', Array, false)
#4 D:\laragon\www\responsi2_mobile_paket3_h1d023083\system\Model.php(330): CodeIgniter\Database\BaseBuilder->get()
#5 D:\laragon\www\responsi2_mobile_paket3_h1d023083\system\BaseModel.php(715): CodeIgniter\Model->doFirst()
#6 D:\laragon\www\responsi2_mobile_paket3_h1d023083\app\Controllers\InventarisBukuController.php(162): CodeIgniter\BaseModel->first()
#7 D:\laragon\www\responsi2_mobile_paket3_h1d023083\system\CodeIgniter.php(933): App\Controllers\InventarisBukuController->statistik()
#8 D:\laragon\www\responsi2_mobile_paket3_h1d023083\system\CodeIgniter.php(507): CodeIgniter\CodeIgniter->runController(Object(App\Controllers\InventarisBukuController))
#9 D:\laragon\www\responsi2_mobile_paket3_h1d023083\system\CodeIgniter.php(354): CodeIgniter\CodeIgniter->handleRequest(NULL, Object(Config\Cache), false)
#10 D:\laragon\www\responsi2_mobile_paket3_h1d023083\system\Boot.php(363): CodeIgniter\CodeIgniter->run()
#11 D:\laragon\www\responsi2_mobile_paket3_h1d023083\system\Boot.php(68): CodeIgniter\Boot::runCodeIgniter(Object(CodeIgniter\CodeIgniter))
#12 D:\laragon\www\responsi2_mobile_paket3_h1d023083\public\index.php(59): CodeIgniter\Boot::bootWeb(Object(Config\Paths))
#13 D:\laragon\www\responsi2_mobile_paket3_h1d023083\system\rewrite.php(44): require_once('D:\\laragon\\www\\...')
#14 {main}
CRITICAL - 2025-12-05 18:32:17 --> Error: Call to a member function getFirstRow() on false
[Method: GET, Route: buku/statistik]
in SYSTEMPATH\Model.php on line 330.
 1 SYSTEMPATH\BaseModel.php(715): CodeIgniter\Model->doFirst()
 2 APPPATH\Controllers\InventarisBukuController.php(162): CodeIgniter\BaseModel->first()
 3 SYSTEMPATH\CodeIgniter.php(933): App\Controllers\InventarisBukuController->statistik()
 4 SYSTEMPATH\CodeIgniter.php(507): CodeIgniter\CodeIgniter->runController(Object(App\Controllers\InventarisBukuController))
 5 SYSTEMPATH\CodeIgniter.php(354): CodeIgniter\CodeIgniter->handleRequest(null, Object(Config\Cache), false)
 6 SYSTEMPATH\Boot.php(363): CodeIgniter\CodeIgniter->run()
 7 SYSTEMPATH\Boot.php(68): CodeIgniter\Boot::runCodeIgniter(Object(CodeIgniter\CodeIgniter))
 8 FCPATH\index.php(59): CodeIgniter\Boot::bootWeb(Object(Config\Paths))
 9 SYSTEMPATH\rewrite.php(44): require_once('D:\\laragon\\www\\responsi2_mobile_paket3_h1d023083\\public\\index.php')
ERROR - 2025-12-05 18:32:54 --> mysqli_sql_exception: You have an error in your SQL syntax; check the manual that corresponds to your MariaDB server version for the right syntax to use near '`jumlah`) AS `total_nilai`
FROM `inventaris_buku`
WHERE `user_id` = '1'
 LIMIT 1' at line 1 in D:\laragon\www\responsi2_mobile_paket3_h1d023083\system\Database\MySQLi\Connection.php:327
Stack trace:
#0 D:\laragon\www\responsi2_mobile_paket3_h1d023083\system\Database\MySQLi\Connection.php(327): mysqli->query('SELECT SUM(`har...', 0)
#1 D:\laragon\www\responsi2_mobile_paket3_h1d023083\system\Database\BaseConnection.php(729): CodeIgniter\Database\MySQLi\Connection->execute('SELECT SUM(`har...')
#2 D:\laragon\www\responsi2_mobile_paket3_h1d023083\system\Database\BaseConnection.php(646): CodeIgniter\Database\BaseConnection->simpleQuery('SELECT SUM(`har...')
#3 D:\laragon\www\responsi2_mobile_paket3_h1d023083\system\Database\BaseBuilder.php(1649): CodeIgniter\Database\BaseConnection->query('SELECT SUM(`har...', Array, false)
#4 D:\laragon\www\responsi2_mobile_paket3_h1d023083\system\Model.php(330): CodeIgniter\Database\BaseBuilder->get()
#5 D:\laragon\www\responsi2_mobile_paket3_h1d023083\system\BaseModel.php(715): CodeIgniter\Model->doFirst()
#6 D:\laragon\www\responsi2_mobile_paket3_h1d023083\app\Controllers\InventarisBukuController.php(162): CodeIgniter\BaseModel->first()
#7 D:\laragon\www\responsi2_mobile_paket3_h1d023083\system\CodeIgniter.php(933): App\Controllers\InventarisBukuController->statistik()
#8 D:\laragon\www\responsi2_mobile_paket3_h1d023083\system\CodeIgniter.php(507): CodeIgniter\CodeIgniter->runController(Object(App\Controllers\InventarisBukuController))
#9 D:\laragon\www\responsi2_mobile_paket3_h1d023083\system\CodeIgniter.php(354): CodeIgniter\CodeIgniter->handleRequest(NULL, Object(Config\Cache), false)
#10 D:\laragon\www\responsi2_mobile_paket3_h1d023083\system\Boot.php(363): CodeIgniter\CodeIgniter->run()
#11 D:\laragon\www\responsi2_mobile_paket3_h1d023083\system\Boot.php(68): CodeIgniter\Boot::runCodeIgniter(Object(CodeIgniter\CodeIgniter))
#12 D:\laragon\www\responsi2_mobile_paket3_h1d023083\public\index.php(59): CodeIgniter\Boot::bootWeb(Object(Config\Paths))
#13 D:\laragon\www\responsi2_mobile_paket3_h1d023083\system\rewrite.php(44): require_once('D:\\laragon\\www\\...')
#14 {main}
CRITICAL - 2025-12-05 18:32:54 --> Error: Call to a member function getFirstRow() on false
[Method: GET, Route: buku/statistik]
in SYSTEMPATH\Model.php on line 330.
 1 SYSTEMPATH\BaseModel.php(715): CodeIgniter\Model->doFirst()
 2 APPPATH\Controllers\InventarisBukuController.php(162): CodeIgniter\BaseModel->first()
 3 SYSTEMPATH\CodeIgniter.php(933): App\Controllers\InventarisBukuController->statistik()
 4 SYSTEMPATH\CodeIgniter.php(507): CodeIgniter\CodeIgniter->runController(Object(App\Controllers\InventarisBukuController))
 5 SYSTEMPATH\CodeIgniter.php(354): CodeIgniter\CodeIgniter->handleRequest(null, Object(Config\Cache), false)
 6 SYSTEMPATH\Boot.php(363): CodeIgniter\CodeIgniter->run()
 7 SYSTEMPATH\Boot.php(68): CodeIgniter\Boot::runCodeIgniter(Object(CodeIgniter\CodeIgniter))
 8 FCPATH\index.php(59): CodeIgniter\Boot::bootWeb(Object(Config\Paths))
 9 SYSTEMPATH\rewrite.php(44): require_once('D:\\laragon\\www\\responsi2_mobile_paket3_h1d023083\\public\\index.php')
ERROR - 2025-12-05 18:33:00 --> mysqli_sql_exception: You have an error in your SQL syntax; check the manual that corresponds to your MariaDB server version for the right syntax to use near '`jumlah`) AS `total_nilai`
FROM `inventaris_buku`
WHERE `user_id` = '1'
 LIMIT 1' at line 1 in D:\laragon\www\responsi2_mobile_paket3_h1d023083\system\Database\MySQLi\Connection.php:327
Stack trace:
#0 D:\laragon\www\responsi2_mobile_paket3_h1d023083\system\Database\MySQLi\Connection.php(327): mysqli->query('SELECT SUM(`har...', 0)
#1 D:\laragon\www\responsi2_mobile_paket3_h1d023083\system\Database\BaseConnection.php(729): CodeIgniter\Database\MySQLi\Connection->execute('SELECT SUM(`har...')
#2 D:\laragon\www\responsi2_mobile_paket3_h1d023083\system\Database\BaseConnection.php(646): CodeIgniter\Database\BaseConnection->simpleQuery('SELECT SUM(`har...')
#3 D:\laragon\www\responsi2_mobile_paket3_h1d023083\system\Database\BaseBuilder.php(1649): CodeIgniter\Database\BaseConnection->query('SELECT SUM(`har...', Array, false)
#4 D:\laragon\www\responsi2_mobile_paket3_h1d023083\system\Model.php(330): CodeIgniter\Database\BaseBuilder->get()
#5 D:\laragon\www\responsi2_mobile_paket3_h1d023083\system\BaseModel.php(715): CodeIgniter\Model->doFirst()
#6 D:\laragon\www\responsi2_mobile_paket3_h1d023083\app\Controllers\InventarisBukuController.php(162): CodeIgniter\BaseModel->first()
#7 D:\laragon\www\responsi2_mobile_paket3_h1d023083\system\CodeIgniter.php(933): App\Controllers\InventarisBukuController->statistik()
#8 D:\laragon\www\responsi2_mobile_paket3_h1d023083\system\CodeIgniter.php(507): CodeIgniter\CodeIgniter->runController(Object(App\Controllers\InventarisBukuController))
#9 D:\laragon\www\responsi2_mobile_paket3_h1d023083\system\CodeIgniter.php(354): CodeIgniter\CodeIgniter->handleRequest(NULL, Object(Config\Cache), false)
#10 D:\laragon\www\responsi2_mobile_paket3_h1d023083\system\Boot.php(363): CodeIgniter\CodeIgniter->run()
#11 D:\laragon\www\responsi2_mobile_paket3_h1d023083\system\Boot.php(68): CodeIgniter\Boot::runCodeIgniter(Object(CodeIgniter\CodeIgniter))
#12 D:\laragon\www\responsi2_mobile_paket3_h1d023083\public\index.php(59): CodeIgniter\Boot::bootWeb(Object(Config\Paths))
#13 D:\laragon\www\responsi2_mobile_paket3_h1d023083\system\rewrite.php(44): require_once('D:\\laragon\\www\\...')
#14 {main}
CRITICAL - 2025-12-05 18:33:00 --> Error: Call to a member function getFirstRow() on false
[Method: GET, Route: buku/statistik]
in SYSTEMPATH\Model.php on line 330.
 1 SYSTEMPATH\BaseModel.php(715): CodeIgniter\Model->doFirst()
 2 APPPATH\Controllers\InventarisBukuController.php(162): CodeIgniter\BaseModel->first()
 3 SYSTEMPATH\CodeIgniter.php(933): App\Controllers\InventarisBukuController->statistik()
 4 SYSTEMPATH\CodeIgniter.php(507): CodeIgniter\CodeIgniter->runController(Object(App\Controllers\InventarisBukuController))
 5 SYSTEMPATH\CodeIgniter.php(354): CodeIgniter\CodeIgniter->handleRequest(null, Object(Config\Cache), false)
 6 SYSTEMPATH\Boot.php(363): CodeIgniter\CodeIgniter->run()
 7 SYSTEMPATH\Boot.php(68): CodeIgniter\Boot::runCodeIgniter(Object(CodeIgniter\CodeIgniter))
 8 FCPATH\index.php(59): CodeIgniter\Boot::bootWeb(Object(Config\Paths))
 9 SYSTEMPATH\rewrite.php(44): require_once('D:\\laragon\\www\\responsi2_mobile_paket3_h1d023083\\public\\index.php')
ERROR - 2025-12-05 18:33:08 --> mysqli_sql_exception: You have an error in your SQL syntax; check the manual that corresponds to your MariaDB server version for the right syntax to use near '`jumlah`) AS `total_nilai`
FROM `inventaris_buku`
WHERE `user_id` = '1'
 LIMIT 1' at line 1 in D:\laragon\www\responsi2_mobile_paket3_h1d023083\system\Database\MySQLi\Connection.php:327
Stack trace:
#0 D:\laragon\www\responsi2_mobile_paket3_h1d023083\system\Database\MySQLi\Connection.php(327): mysqli->query('SELECT SUM(`har...', 0)
#1 D:\laragon\www\responsi2_mobile_paket3_h1d023083\system\Database\BaseConnection.php(729): CodeIgniter\Database\MySQLi\Connection->execute('SELECT SUM(`har...')
#2 D:\laragon\www\responsi2_mobile_paket3_h1d023083\system\Database\BaseConnection.php(646): CodeIgniter\Database\BaseConnection->simpleQuery('SELECT SUM(`har...')
#3 D:\laragon\www\responsi2_mobile_paket3_h1d023083\system\Database\BaseBuilder.php(1649): CodeIgniter\Database\BaseConnection->query('SELECT SUM(`har...', Array, false)
#4 D:\laragon\www\responsi2_mobile_paket3_h1d023083\system\Model.php(330): CodeIgniter\Database\BaseBuilder->get()
#5 D:\laragon\www\responsi2_mobile_paket3_h1d023083\system\BaseModel.php(715): CodeIgniter\Model->doFirst()
#6 D:\laragon\www\responsi2_mobile_paket3_h1d023083\app\Controllers\InventarisBukuController.php(162): CodeIgniter\BaseModel->first()
#7 D:\laragon\www\responsi2_mobile_paket3_h1d023083\system\CodeIgniter.php(933): App\Controllers\InventarisBukuController->statistik()
#8 D:\laragon\www\responsi2_mobile_paket3_h1d023083\system\CodeIgniter.php(507): CodeIgniter\CodeIgniter->runController(Object(App\Controllers\InventarisBukuController))
#9 D:\laragon\www\responsi2_mobile_paket3_h1d023083\system\CodeIgniter.php(354): CodeIgniter\CodeIgniter->handleRequest(NULL, Object(Config\Cache), false)
#10 D:\laragon\www\responsi2_mobile_paket3_h1d023083\system\Boot.php(363): CodeIgniter\CodeIgniter->run()
#11 D:\laragon\www\responsi2_mobile_paket3_h1d023083\system\Boot.php(68): CodeIgniter\Boot::runCodeIgniter(Object(CodeIgniter\CodeIgniter))
#12 D:\laragon\www\responsi2_mobile_paket3_h1d023083\public\index.php(59): CodeIgniter\Boot::bootWeb(Object(Config\Paths))
#13 D:\laragon\www\responsi2_mobile_paket3_h1d023083\system\rewrite.php(44): require_once('D:\\laragon\\www\\...')
#14 {main}
CRITICAL - 2025-12-05 18:33:08 --> Error: Call to a member function getFirstRow() on false
[Method: GET, Route: buku/statistik]
in SYSTEMPATH\Model.php on line 330.
 1 SYSTEMPATH\BaseModel.php(715): CodeIgniter\Model->doFirst()
 2 APPPATH\Controllers\InventarisBukuController.php(162): CodeIgniter\BaseModel->first()
 3 SYSTEMPATH\CodeIgniter.php(933): App\Controllers\InventarisBukuController->statistik()
 4 SYSTEMPATH\CodeIgniter.php(507): CodeIgniter\CodeIgniter->runController(Object(App\Controllers\InventarisBukuController))
 5 SYSTEMPATH\CodeIgniter.php(354): CodeIgniter\CodeIgniter->handleRequest(null, Object(Config\Cache), false)
 6 SYSTEMPATH\Boot.php(363): CodeIgniter\CodeIgniter->run()
 7 SYSTEMPATH\Boot.php(68): CodeIgniter\Boot::runCodeIgniter(Object(CodeIgniter\CodeIgniter))
 8 FCPATH\index.php(59): CodeIgniter\Boot::bootWeb(Object(Config\Paths))
 9 SYSTEMPATH\rewrite.php(44): require_once('D:\\laragon\\www\\responsi2_mobile_paket3_h1d023083\\public\\index.php')
